// Jest Snapshot v1, https://goo.gl/fbAQLP

exports[`Search Form snapshot test 1`] = `
<styled.div>
  <styled.div>
    <TextField
      autoFocus={true}
      label="Search for games"
      onChange={[Function]}
      onKeyPress={[Function]}
      value=""
    />
  </styled.div>
  <WithStyles(IconButton)
    aria-label="Search"
    color="primary"
    onClick={[Function]}
  >
    <pure(SearchIcon) />
  </WithStyles(IconButton)>
</styled.div>
`;
